[index-2.html]
[backblue.gif]
[fade.gif]
[index.html]
[wp-content/themes/astra/assets/css/minified/main.minc1dd.css]
[wp-content/plugins/header-footer-elementor/assets/css/header-footer-elementor942d.css]
[feed/index.html]
[comments/feed/index.html]
[wp-content/plugins/elementor/assets/css/frontend-lite.min08e6.css]
[wp-content/plugins/elementor/assets/lib/swiper/v8/css/swiper.min94a4.css]
[wp-content/uploads/elementor/css/post-6ad4a.css]
[wp-content/uploads/elementor/css/globalad4a.css]
[wp-content/uploads/elementor/css/post-90509.css]
[wp-content/uploads/elementor/css/post-39ad4a.css]
[wp-json/wp/v2/pages/9.json]
[wp-json/index.html]
[xmlrpc0db0.php]
[wp-json/oembed/1.0/embed5296.json]
[wp-json/oembed/1.0/embede85d]
[wp-content/uploads/2024/04/elementor/thumbs/IMG_20240420_122321_772-removebg-preview-1-e1713606217132-qmze848lw008jccngil2tulljv4zxk04n9hgbifu94.png]
[wp-content/uploads/2024/04/IMG_20240420_122321_772-removebg-preview-1-e1713606217132.png]
[wp-content/uploads/2024/04/ZEUS-4-20-2024-2.png]
[wp-content/uploads/2024/04/Pepe-s-Dog-4-20-2024-2.png]
[wp-content/uploads/2024/04/65df0808e9cb3fe30a5095b7_coingecko-1.svg]
[wp-content/uploads/2024/04/IMG_20240420_073729_481-removebg-preview.png]
[wp-content/uploads/2024/04/IMG_20240420_073657_680-removebg-preview__1_-removebg-preview.png]
[wp-content/uploads/2024/04/About-4-20-2024-1.png]
[wp-content/uploads/2024/04/Tokenomics-4-20-2024-1-768x173.png]
[wp-content/uploads/2024/04/Book-of-ZEUS-4-20-2024-1.png]
[wp-content/uploads/2024/04/20240407_104927-removebg-preview.png]
[wp-content/uploads/2024/04/Roadmap-4-20-2024-2.png]
[wp-content/uploads/2024/04/Phase-1-4-20-2024.png]
[wp-content/uploads/2024/04/Phase-2-4-20-2024.png]
[wp-content/uploads/2024/04/Phase-3-4-20-2024.png]
[wp-content/uploads/2024/04/Phase-4-4-20-2024.png]
[wp-content/uploads/2024/04/How-To-Buy-4-20-2024-1.png]
[wp-content/uploads/elementor/thumbs/Untitled-design-2023-03-30T212906_738-1-qmzjav10lg63q4wld0ax38gr7oezf4hgrrgu75hejs.webp]
[wp-content/uploads/elementor/thumbs/Untitled-design-2023-03-30T213620_680-2-qmzjavyusa7e1qv87ipjnq87t2acmtl73w4bofg0dk.webp]
[wp-content/uploads/elementor/thumbs/uniswap-2-1-qmzjau36em4teixyihwaiqpamajm7fdqfmtcpvisq0.webp]
[wp-content/uploads/elementor/thumbs/IMG_20240420_122321_772-removebg-preview-1-e1713606217132-qmze848lw008jccngil2tulljv4zxk04n9hgbifu94.png]
[wp-content/plugins/header-footer-elementor/inc/widgets-css/frontend942d.css]
[wp-content/plugins/elementor/assets/lib/animations/animations.min08e6.css]
[wp-content/themes/astra/assets/js/minified/frontend.minc1dd.js]
[wp-includes/js/jquery/jquery.minf43b.js]
[wp-includes/js/jquery/jquery-migrate.min5589.js]
[wp-content/plugins/header-footer-elementor/inc/js/frontend942d.js]
[wp-content/plugins/elementor/assets/js/webpack.runtime.min08e6.js]
[wp-content/plugins/elementor/assets/js/frontend-modules.min08e6.js]
[wp-content/plugins/elementor/assets/lib/waypoints/waypoints.min05da.js]
[wp-includes/js/jquery/ui/core.min3f14.js]
[wp-content/plugins/elementor/assets/js/frontend.min08e6.js]
[index-2.html]
[xfn/11.html]
[css13e8.css]
[index-3.html]
[xfn/.html]
[xfn/intro.html]
[xfn/faq.html]
[wp-json/index.html]
[wp-json/oembed/1.0/embed5296.json]
[wp-content/themes/astra/assets/css/minified/main.minc1dd.css]
[wp-json/oembed/1.0/embede85d]
[wp-json/wp/v2/pages/9.json]
[wp-content/plugins/header-footer-elementor/assets/css/header-footer-elementor942d.css]
[wp-content/plugins/elementor/assets/css/frontend-lite.min08e6.css]
[wp-content/plugins/elementor/assets/lib/swiper/v8/css/swiper.min94a4.css]
[xmlrpc0db0.php]
[wp-content/uploads/elementor/css/post-6ad4a.css]
[wp-content/uploads/elementor/css/globalad4a.css]
[wp-content/uploads/elementor/css/post-90509.css]
[wp-content/uploads/elementor/css/post-39ad4a.css]
[wp-content/uploads/2024/04/elementor/thumbs/IMG_20240420_122321_772-removebg-preview-1-e1713606217132-qmze848lw008jccngil2tulljv4zxk04n9hgbifu94.html]
[wp-content/uploads/2024/04/65df0808e9cb3fe30a5095b7_coingecko-1.svg]
[wp-content/plugins/header-footer-elementor/inc/widgets-css/frontend942d.css]
[wp-content/plugins/elementor/assets/lib/animations/animations.min08e6.css]
[wp-content/themes/astra/assets/js/minified/frontend.minc1dd.js]
[wp-includes/js/jquery/jquery.minf43b.js]
[wp-includes/js/jquery/jquery-migrate.min5589.js]
[wp-content/plugins/header-footer-elementor/inc/js/frontend942d.js]
[wp-content/plugins/elementor/assets/js/webpack.runtime.min08e6.js]
[wp-content/plugins/elementor/assets/js/frontend-modules.min08e6.js]
[wp-content/plugins/elementor/assets/lib/waypoints/waypoints.min05da.js]
[wp-includes/js/jquery/ui/core.min3f14.js]
[wp-content/uploads/elementor/thumbs/Untitled-design-2023-03-30T212906_738-1-qmzjav10lg63q4wld0ax38gr7oezf4hgrrgu75hejs.webp]
[-negative.svg]
[wp-content/plugins/elementor/assets/js/frontend.min08e6.js]
[xfn/default.css]
[-negative.html]
[OPR/index.html]
[OPR/index.html]
